Running action 'parse'...
1	C:\PROGRAM FILES (X86)\MICROSOFT VISUAL STUDIO 14.0\VC\INCLUDE\CONCURRENCYSAL.H	21
2	C:\DATA\ENGINES\BGFX\SRC\CONFIG.H	21
3	C:\PROGRAM FILES (X86)\MICROSOFT VISUAL STUDIO 14.0\VC\INCLUDE\USE_ANSI.H	21
4	C:\DATA\ENGINES\BX\INCLUDE\BX\ALLOCATOR.H	21
5	C:\PROGRAM FILES (X86)\WINDOWS KITS\10\INCLUDE\10.0.10240.0\UCRT\CORECRT_MEMCPY_S.H	21
6	C:\PROGRAM FILES (X86)\MICROSOFT VISUAL STUDIO 14.0\VC\INCLUDE\VCRUNTIME_STRING.H	21
7	C:\DATA\ENGINES\BX\INCLUDE\BX\BX.H	21
8	C:\PROGRAM FILES (X86)\MICROSOFT VISUAL STUDIO 14.0\VC\INCLUDE\EXCEPTION	21
9	C:\PROGRAM FILES (X86)\WINDOWS KITS\10\INCLUDE\10.0.10240.0\UCRT\CORECRT_WSTDLIB.H	21
10	C:\PROGRAM FILES (X86)\WINDOWS KITS\10\INCLUDE\10.0.10240.0\UCRT\CORECRT_MEMORY.H	21
11	C:\PROGRAM FILES (X86)\MICROSOFT VISUAL STUDIO 14.0\VC\INCLUDE\CSTDLIB	21
12	C:\PROGRAM FILES (X86)\MICROSOFT VISUAL STUDIO 14.0\VC\INCLUDE\TYPE_TRAITS	21
13	C:\PROGRAM FILES (X86)\MICROSOFT VISUAL STUDIO 14.0\VC\INCLUDE\VCRUNTIME_NEW.H	21
14	C:\PROGRAM FILES (X86)\WINDOWS KITS\10\INCLUDE\10.0.10240.0\UCRT\STDDEF.H	21
15	C:\PROGRAM FILES (X86)\WINDOWS KITS\10\INCLUDE\10.0.10240.0\UCRT\STRING.H	21
16	C:\PROGRAM FILES (X86)\WINDOWS KITS\10\INCLUDE\10.0.10240.0\UCRT\CORECRT_SEARCH.H	21
17	C:\PROGRAM FILES (X86)\MICROSOFT VISUAL STUDIO 14.0\VC\INCLUDE\XTR1COMMON	21
18	C:\PROGRAM FILES (X86)\WINDOWS KITS\10\INCLUDE\10.0.10240.0\UCRT\STDLIB.H	21
19	C:\DATA\ENGINES\BX\INCLUDE\BX\CONFIG.H	21
20	C:\DATA\ENGINES\BGFX\INCLUDE\BGFX\BGFX.H	21
21	C:\PROGRAM FILES (X86)\WINDOWS KITS\10\INCLUDE\10.0.10240.0\UCRT\MEMORY.H	21
22	C:\PROGRAM FILES (X86)\MICROSOFT VISUAL STUDIO 14.0\VC\INCLUDE\VCRUNTIME.H	21
23	C:\DATA\ENGINES\BX\INCLUDE\BX\PLATFORM.H	21
24	C:\PROGRAM FILES (X86)\MICROSOFT VISUAL STUDIO 14.0\VC\INCLUDE\CSTDDEF	21
25	C:\PROGRAM FILES (X86)\MICROSOFT VISUAL STUDIO 14.0\VC\INCLUDE\XSTDDEF	21
26	C:\PROGRAM FILES (X86)\MICROSOFT VISUAL STUDIO 14.0\VC\INCLUDE\STDARG.H	21
27	C:\PROGRAM FILES (X86)\MICROSOFT VISUAL STUDIO 14.0\VC\INCLUDE\INITIALIZER_LIST	21
28	C:\PROGRAM FILES (X86)\MICROSOFT VISUAL STUDIO 14.0\VC\INCLUDE\XKEYCHECK.H	21
29	C:\DATA\ENGINES\BX\INCLUDE\BX\MACROS.H	21
30	C:\PROGRAM FILES (X86)\WINDOWS KITS\10\INCLUDE\10.0.10240.0\UCRT\CORECRT_MALLOC.H	21
31	C:\PROGRAM FILES (X86)\WINDOWS KITS\10\INCLUDE\10.0.10240.0\UCRT\ERRNO.H	21
32	C:\PROGRAM FILES (X86)\MICROSOFT VISUAL STUDIO 14.0\VC\INCLUDE\NEW	21
33	C:\PROGRAM FILES (X86)\WINDOWS KITS\10\INCLUDE\10.0.10240.0\UCRT\CORECRT.H	21
34	C:\PROGRAM FILES (X86)\MICROSOFT VISUAL STUDIO 14.0\VC\INCLUDE\YVALS.H	21
35	C:\DATA\ENGINES\BX\INCLUDE\BX\RADIXSORT.H	21
36	C:\PROGRAM FILES (X86)\MICROSOFT VISUAL STUDIO 14.0\VC\INCLUDE\VADEFS.H	21
37	C:\PROGRAM FILES (X86)\MICROSOFT VISUAL STUDIO 14.0\VC\INCLUDE\LIMITS.H	21
38	C:\DATA\ENGINES\BGFX\INCLUDE\BGFX\BGFXDEFINES.H	21
39	C:\DATA\ENGINES\BX\INCLUDE\BX\DEBUG.H	21
40	C:\PROGRAM FILES (X86)\WINDOWS KITS\10\INCLUDE\10.0.10240.0\UCRT\CORECRT_WSTRING.H	21
41	C:\PROGRAM FILES (X86)\MICROSOFT VISUAL STUDIO 14.0\VC\INCLUDE\CRTDEFS.H	21
42	C:\PROGRAM FILES (X86)\MICROSOFT VISUAL STUDIO 14.0\VC\INCLUDE\STDINT.H	21
43	C:\PROGRAM FILES (X86)\MICROSOFT VISUAL STUDIO 14.0\VC\INCLUDE\SAL.H	21
44	C:\PROGRAM FILES (X86)\WINDOWS KITS\8.1\INCLUDE\SHARED\WINAPIFAMILY.H	21
45	C:\PROGRAM FILES (X86)\WINDOWS KITS\10\INCLUDE\10.0.10240.0\UCRT\SYS\TYPES.H	20
46	C:\PROGRAM FILES (X86)\WINDOWS KITS\10\INCLUDE\10.0.10240.0\UCRT\STDIO.H	20
47	C:\PROGRAM FILES (X86)\WINDOWS KITS\10\INCLUDE\10.0.10240.0\UCRT\MALLOC.H	20
48	C:\PROGRAM FILES (X86)\MICROSOFT VISUAL STUDIO 14.0\VC\INCLUDE\IMMINTRIN.H	20
49	C:\PROGRAM FILES (X86)\WINDOWS KITS\10\INCLUDE\10.0.10240.0\UCRT\CORECRT_WIO.H	20
50	C:\PROGRAM FILES (X86)\WINDOWS KITS\10\INCLUDE\10.0.10240.0\UCRT\MATH.H	20
51	C:\DATA\ENGINES\BX\INCLUDE\BX\HASH.H	20
52	C:\PROGRAM FILES (X86)\MICROSOFT VISUAL STUDIO 14.0\VC\INCLUDE\MMINTRIN.H	20
53	C:\PROGRAM FILES (X86)\MICROSOFT VISUAL STUDIO 14.0\VC\INCLUDE\XMMINTRIN.H	20
54	C:\DATA\ENGINES\BX\INCLUDE\BX\STRING.H	20
55	C:\PROGRAM FILES (X86)\WINDOWS KITS\10\INCLUDE\10.0.10240.0\UCRT\CORECRT_WCTYPE.H	20
56	C:\PROGRAM FILES (X86)\WINDOWS KITS\10\INCLUDE\10.0.10240.0\UCRT\CORECRT_WTIME.H	20
57	C:\PROGRAM FILES (X86)\MICROSOFT VISUAL STUDIO 14.0\VC\INCLUDE\INTRIN.H	20
58	C:\DATA\ENGINES\BX\INCLUDE\COMPAT\MSVC\ALLOCA.H	20
59	C:\PROGRAM FILES (X86)\WINDOWS KITS\10\INCLUDE\10.0.10240.0\UCRT\SYS\STAT.H	20
60	C:\PROGRAM FILES (X86)\MICROSOFT VISUAL STUDIO 14.0\VC\INCLUDE\TMMINTRIN.H	20
61	C:\PROGRAM FILES (X86)\WINDOWS KITS\10\INCLUDE\10.0.10240.0\UCRT\WCHAR.H	20
62	C:\PROGRAM FILES (X86)\MICROSOFT VISUAL STUDIO 14.0\VC\INCLUDE\PMMINTRIN.H	20
63	C:\DATA\ENGINES\BX\INCLUDE\BX\ERROR.H	20
64	C:\PROGRAM FILES (X86)\WINDOWS KITS\10\INCLUDE\10.0.10240.0\UCRT\CORECRT_SHARE.H	20
65	C:\PROGRAM FILES (X86)\WINDOWS KITS\10\INCLUDE\10.0.10240.0\UCRT\CTYPE.H	20
66	C:\PROGRAM FILES (X86)\WINDOWS KITS\10\INCLUDE\10.0.10240.0\UCRT\CORECRT_WPROCESS.H	20
67	C:\DATA\ENGINES\BX\INCLUDE\BX\UINT32_T.H	20
68	C:\DATA\ENGINES\BGFX\SRC\VERTEXDECL.H	20
69	C:\PROGRAM FILES (X86)\MICROSOFT VISUAL STUDIO 14.0\VC\INCLUDE\AMMINTRIN.H	20
70	C:\PROGRAM FILES (X86)\WINDOWS KITS\10\INCLUDE\10.0.10240.0\UCRT\CORECRT_STDIO_CONFIG.H	20
71	C:\PROGRAM FILES (X86)\MICROSOFT VISUAL STUDIO 14.0\VC\INCLUDE\WMMINTRIN.H	20
72	C:\PROGRAM FILES (X86)\MICROSOFT VISUAL STUDIO 14.0\VC\INCLUDE\NMMINTRIN.H	20
73	C:\PROGRAM FILES (X86)\MICROSOFT VISUAL STUDIO 14.0\VC\INCLUDE\SETJMP.H	20
74	C:\PROGRAM FILES (X86)\WINDOWS KITS\10\INCLUDE\10.0.10240.0\UCRT\CORECRT_WCONIO.H	20
75	C:\PROGRAM FILES (X86)\MICROSOFT VISUAL STUDIO 14.0\VC\INCLUDE\MM3DNOW.H	20
76	C:\PROGRAM FILES (X86)\WINDOWS KITS\10\INCLUDE\10.0.10240.0\UCRT\CORECRT_WSTDIO.H	20
77	C:\PROGRAM FILES (X86)\MICROSOFT VISUAL STUDIO 14.0\VC\INCLUDE\SMMINTRIN.H	20
78	C:\PROGRAM FILES (X86)\MICROSOFT VISUAL STUDIO 14.0\VC\INCLUDE\EMMINTRIN.H	20
79	C:\DATA\ENGINES\BX\INCLUDE\BX\READERWRITER.H	20
80	C:\PROGRAM FILES (X86)\WINDOWS KITS\10\INCLUDE\10.0.10240.0\UCRT\CORECRT_WDIRECT.H	20
81	C:\DATA\ENGINES\BX\INCLUDE\BX\THREAD.H	19
82	C:\PROGRAM FILES (X86)\WINDOWS KITS\8.1\INCLUDE\UM\SYSTEMTOPOLOGYAPI.H	19
83	C:\DATA\ENGINES\BX\INCLUDE\BX\FLOAT4X4_T.H	19
84	C:\PROGRAM FILES (X86)\WINDOWS KITS\8.1\INCLUDE\UM\LZEXPAND.H	19
85	C:\PROGRAM FILES (X86)\MICROSOFT VISUAL STUDIO 14.0\VC\INCLUDE\EXCPT.H	19
86	C:\PROGRAM FILES (X86)\MICROSOFT VISUAL STUDIO 14.0\VC\INCLUDE\CFLOAT	19
87	C:\PROGRAM FILES (X86)\WINDOWS KITS\8.1\INCLUDE\SHARED\DRIVERSPECS.H	19
88	C:\DATA\ENGINES\BX\INCLUDE\COMPAT\MSVC\INTTYPES.H	19
89	C:\PROGRAM FILES (X86)\WINDOWS KITS\8.1\INCLUDE\UM\OBJIDLBASE.H	19
90	C:\PROGRAM FILES (X86)\WINDOWS KITS\8.1\INCLUDE\UM\WOW64APISET.H	19
91	C:\PROGRAM FILES (X86)\MICROSOFT VISUAL STUDIO 14.0\VC\INCLUDE\UTILITY	19
92	C:\PROGRAM FILES (X86)\WINDOWS KITS\8.1\INCLUDE\UM\THREADPOOLLEGACYAPISET.H	19
93	C:\PROGRAM FILES (X86)\WINDOWS KITS\8.1\INCLUDE\UM\WINNLS.H	19
94	C:\PROGRAM FILES (X86)\WINDOWS KITS\8.1\INCLUDE\UM\IME_CMODES.H	19
95	C:\PROGRAM FILES (X86)\WINDOWS KITS\8.1\INCLUDE\UM\THREADPOOLAPISET.H	19
96	C:\PROGRAM FILES (X86)\WINDOWS KITS\8.1\INCLUDE\UM\WINREG.H	19
97	C:\PROGRAM FILES (X86)\WINDOWS KITS\8.1\INCLUDE\SHARED\WTYPES.H	19
98	C:\PROGRAM FILES (X86)\WINDOWS KITS\8.1\INCLUDE\UM\OLEIDL.H	19
99	C:\PROGRAM FILES (X86)\WINDOWS KITS\8.1\INCLUDE\UM\STRINGAPISET.H	19
100	C:\PROGRAM FILES (X86)\WINDOWS KITS\8.1\INCLUDE\UM\VERRSRC.H	19
101	C:\PROGRAM FILES (X86)\WINDOWS KITS\8.1\INCLUDE\UM\NCRYPT.H	19
102	C:\PROGRAM FILES (X86)\WINDOWS KITS\8.1\INCLUDE\UM\REASON.H	19
103	C:\PROGRAM FILES (X86)\WINDOWS KITS\8.1\INCLUDE\SHARED\SDV_DRIVERSPECS.H	19
104	C:\PROGRAM FILES (X86)\WINDOWS KITS\8.1\INCLUDE\UM\WINGDI.H	19
105	C:\DATA\ENGINES\BX\INCLUDE\BX\TIMER.H	19
106	C:\DATA\ENGINES\BX\INCLUDE\TINYSTL\STRING.H	19
107	C:\PROGRAM FILES (X86)\MICROSOFT VISUAL STUDIO 14.0\VC\INCLUDE\XATOMIC0.H	19
108	C:\PROGRAM FILES (X86)\WINDOWS KITS\8.1\INCLUDE\SHARED\KTMTYPES.H	19
109	C:\DATA\ENGINES\BX\INCLUDE\TINYSTL\NEW.H	19
110	C:\PROGRAM FILES (X86)\WINDOWS KITS\8.1\INCLUDE\SHARED\APISETCCONV.H	19
111	C:\PROGRAM FILES (X86)\WINDOWS KITS\8.1\INCLUDE\UM\DEBUGAPI.H	19
112	C:\PROGRAM FILES (X86)\WINDOWS KITS\8.1\INCLUDE\UM\PSAPI.H	19
113	C:\PROGRAM FILES (X86)\WINDOWS KITS\8.1\INCLUDE\SHARED\CDERR.H	19
114	C:\PROGRAM FILES (X86)\WINDOWS KITS\8.1\INCLUDE\UM\MMEAPI.H	19
115	C:\PROGRAM FILES (X86)\WINDOWS KITS\8.1\INCLUDE\UM\WINCON.H	19
116	C:\PROGRAM FILES (X86)\WINDOWS KITS\8.1\INCLUDE\UM\SECURITYAPPCONTAINER.H	19
117	C:\PROGRAM FILES (X86)\WINDOWS KITS\8.1\INCLUDE\UM\OLE2.H	19
118	C:\PROGRAM FILES (X86)\WINDOWS KITS\8.1\INCLUDE\UM\PLAYSOUNDAPI.H	19
119	C:\PROGRAM FILES (X86)\WINDOWS KITS\8.1\INCLUDE\SHARED\WINDEF.H	19
120	C:\PROGRAM FILES (X86)\WINDOWS KITS\8.1\INCLUDE\UM\URLMON.H	19
121	C:\PROGRAM FILES (X86)\WINDOWS KITS\8.1\INCLUDE\UM\OLEAUTO.H	19
122	C:\DATA\ENGINES\BX\INCLUDE\BX\FLOAT4_T.H	19
123	C:\PROGRAM FILES (X86)\WINDOWS KITS\8.1\INCLUDE\UM\WINPERF.H	19
124	C:\DATA\ENGINES\BX\INCLUDE\BX\FPUMATH.H	19
125	C:\PROGRAM FILES (X86)\WINDOWS KITS\8.1\INCLUDE\UM\TIMEAPI.H	19
126	C:\PROGRAM FILES (X86)\WINDOWS KITS\8.1\INCLUDE\UM\SERVPROV.H	19
127	C:\PROGRAM FILES (X86)\WINDOWS KITS\8.1\INCLUDE\SHARED\WINERROR.H	19
128	C:\PROGRAM FILES (X86)\WINDOWS KITS\8.1\INCLUDE\SHARED\PSHPACK2.H	19
129	C:\PROGRAM FILES (X86)\WINDOWS KITS\8.1\INCLUDE\UM\BEMAPISET.H	19
130	C:\PROGRAM FILES (X86)\WINDOWS KITS\8.1\INCLUDE\SHARED\RPC.H	19
131	C:\PROGRAM FILES (X86)\WINDOWS KITS\8.1\INCLUDE\UM\MSXML.H	19
132	C:\PROGRAM FILES (X86)\WINDOWS KITS\8.1\INCLUDE\UM\PROCESSTOPOLOGYAPI.H	19
133	C:\DATA\ENGINES\BX\INCLUDE\BX\HANDLEALLOC.H	19
134	C:\DATA\ENGINES\BX\INCLUDE\BX\CPU.H	19
135	C:\DATA\ENGINES\BX\INCLUDE\BX\ENDIAN.H	19
136	C:\PROGRAM FILES (X86)\WINDOWS KITS\8.1\INCLUDE\UM\WINCRYPT.H	19
137	C:\PROGRAM FILES (X86)\WINDOWS KITS\8.1\INCLUDE\UM\MMISCAPI.H	19
138	C:\DATA\ENGINES\BGFX\SRC\IMAGE.H	19
139	C:\PROGRAM FILES (X86)\WINDOWS KITS\8.1\INCLUDE\SHARED\RPCDCE.H	19
140	C:\PROGRAM FILES (X86)\WINDOWS KITS\8.1\INCLUDE\UM\IOAPISET.H	19
141	C:\PROGRAM FILES (X86)\MICROSOFT VISUAL STUDIO 14.0\VC\INCLUDE\CSTRING	19
142	C:\PROGRAM FILES (X86)\MICROSOFT VISUAL STUDIO 14.0\VC\INCLUDE\XUTILITY	19
143	C:\DATA\ENGINES\BX\INCLUDE\TINYSTL\TRAITS.H	19
144	C:\PROGRAM FILES (X86)\MICROSOFT VISUAL STUDIO 14.0\VC\INCLUDE\CWCHAR	19
145	C:\PROGRAM FILES (X86)\WINDOWS KITS\8.1\INCLUDE\SHARED\PSHPACK8.H	19
146	C:\PROGRAM FILES (X86)\WINDOWS KITS\8.1\INCLUDE\SHARED\BASETSD.H	19
147	C:\DATA\ENGINES\BX\INCLUDE\TINYSTL\VECTOR.H	19
148	C:\PROGRAM FILES (X86)\WINDOWS KITS\8.1\INCLUDE\SHARED\MINWINDEF.H	19
149	C:\PROGRAM FILES (X86)\WINDOWS KITS\8.1\INCLUDE\SHARED\WINSMCRD.H	19
150	C:\PROGRAM FILES (X86)\WINDOWS KITS\8.1\INCLUDE\UM\NAMEDPIPEAPI.H	19
151	C:\PROGRAM FILES (X86)\WINDOWS KITS\8.1\INCLUDE\SHARED\RPCDCEP.H	19
152	C:\PROGRAM FILES (X86)\WINDOWS KITS\8.1\INCLUDE\UM\REALTIMEAPISET.H	19
153	C:\PROGRAM FILES (X86)\WINDOWS KITS\8.1\INCLUDE\UM\MCIAPI.H	19
154	C:\DATA\ENGINES\BX\INCLUDE\BX\MAPUTIL.H	19
155	C:\PROGRAM FILES (X86)\WINDOWS KITS\8.1\INCLUDE\UM\WINEFS.H	19
156	C:\PROGRAM FILES (X86)\MICROSOFT VISUAL STUDIO 14.0\VC\INCLUDE\LIST	19
157	C:\PROGRAM FILES (X86)\WINDOWS KITS\8.1\INCLUDE\UM\CGUID.H	19
158	C:\PROGRAM FILES (X86)\WINDOWS KITS\8.1\INCLUDE\UM\TIMEZONEAPI.H	19
159	C:\PROGRAM FILES (X86)\WINDOWS KITS\8.1\INCLUDE\UM\NAMESPACEAPI.H	19
160	C:\PROGRAM FILES (X86)\MICROSOFT VISUAL STUDIO 14.0\VC\INCLUDE\CSTDINT	19
161	C:\DATA\ENGINES\BGFX\INCLUDE\BGFX\BGFXPLATFORM.H	19
162	C:\PROGRAM FILES (X86)\MICROSOFT VISUAL STUDIO 14.0\VC\INCLUDE\XMEMORY0	19
163	C:\PROGRAM FILES (X86)\WINDOWS KITS\8.1\INCLUDE\UM\DDE.H	19
164	C:\PROGRAM FILES (X86)\WINDOWS KITS\8.1\INCLUDE\SHARED\TVOUT.H	19
165	C:\PROGRAM FILES (X86)\WINDOWS KITS\8.1\INCLUDE\UM\UNKNWNBASE.H	19
166	C:\PROGRAM FILES (X86)\WINDOWS KITS\8.1\INCLUDE\SHARED\PSHPACK1.H	19
167	C:\PROGRAM FILES (X86)\WINDOWS KITS\8.1\INCLUDE\UM\COMBASEAPI.H	19
168	C:\DATA\ENGINES\BX\INCLUDE\TINYSTL\HASH.H	19
169	C:\PROGRAM FILES (X86)\WINDOWS KITS\8.1\INCLUDE\UM\PRSHT.H	19
170	C:\PROGRAM FILES (X86)\MICROSOFT VISUAL STUDIO 14.0\VC\INCLUDE\XSTRING	19
171	C:\PROGRAM FILES (X86)\WINDOWS KITS\8.1\INCLUDE\UM\PROCESSENV.H	19
172	C:\PROGRAM FILES (X86)\MICROSOFT VISUAL STUDIO 14.0\VC\INCLUDE\LIMITS	19
173	C:\PROGRAM FILES (X86)\WINDOWS KITS\8.1\INCLUDE\UM\DATETIMEAPI.H	19
174	C:\PROGRAM FILES (X86)\WINDOWS KITS\10\INCLUDE\10.0.10240.0\UCRT\DIRECT.H	19
175	C:\PROGRAM FILES (X86)\WINDOWS KITS\8.1\INCLUDE\SHARED\WNNC.H	19
176	C:\PROGRAM FILES (X86)\WINDOWS KITS\8.1\INCLUDE\UM\WINBASE.H	19
177	C:\PROGRAM FILES (X86)\WINDOWS KITS\8.1\INCLUDE\UM\FIBERSAPI.H	19
178	C:\PROGRAM FILES (X86)\WINDOWS KITS\8.1\INCLUDE\UM\WINDOWS.H	19
179	C:\PROGRAM FILES (X86)\MICROSOFT VISUAL STUDIO 14.0\VC\INCLUDE\XMEMORY	19
180	C:\PROGRAM FILES (X86)\WINDOWS KITS\8.1\INCLUDE\SHARED\WTYPESBASE.H	19
181	C:\PROGRAM FILES (X86)\MICROSOFT VISUAL STUDIO 14.0\VC\INCLUDE\CMATH	19
182	C:\PROGRAM FILES (X86)\WINDOWS KITS\8.1\INCLUDE\UM\SECURITYBASEAPI.H	19
183	C:\DATA\ENGINES\BX\INCLUDE\TINYSTL\STDDEF.H	19
184	C:\PROGRAM FILES (X86)\MICROSOFT VISUAL STUDIO 14.0\VC\INCLUDE\XTGMATH.H	19
185	C:\PROGRAM FILES (X86)\WINDOWS KITS\8.1\INCLUDE\UM\WINSOCK.H	19
186	C:\DATA\ENGINES\BX\INCLUDE\BX\FLOAT4_SSE.H	19
187	C:\DATA\ENGINES\BX\INCLUDE\BX\RINGBUFFER.H	19
188	C:\DATA\ENGINES\BX\INCLUDE\TINYSTL\BUFFER.H	19
189	C:\PROGRAM FILES (X86)\WINDOWS KITS\8.1\INCLUDE\SHARED\BCRYPT.H	19
190	C:\PROGRAM FILES (X86)\WINDOWS KITS\8.1\INCLUDE\UM\JOBAPI.H	19
191	C:\PROGRAM FILES (X86)\MICROSOFT VISUAL STUDIO 14.0\VC\INCLUDE\STDEXCEPT	19
192	C:\DATA\ENGINES\BX\INCLUDE\BX\OS.H	19
193	C:\DATA\ENGINES\BGFX\SRC\SHADER.H	19
194	C:\PROGRAM FILES (X86)\WINDOWS KITS\8.1\INCLUDE\UM\MCX.H	19
195	C:\PROGRAM FILES (X86)\WINDOWS KITS\8.1\INCLUDE\UM\UTILAPISET.H	19
196	C:\PROGRAM FILES (X86)\WINDOWS KITS\8.1\INCLUDE\UM\PROCESSTHREADSAPI.H	19
197	C:\PROGRAM FILES (X86)\WINDOWS KITS\8.1\INCLUDE\SHARED\RPCNTERR.H	19
198	C:\PROGRAM FILES (X86)\WINDOWS KITS\8.1\INCLUDE\SHARED\RPCASYNC.H	19
199	C:\PROGRAM FILES (X86)\WINDOWS KITS\8.1\INCLUDE\UM\SHELLAPI.H	19
200	C:\PROGRAM FILES (X86)\WINDOWS KITS\10\INCLUDE\10.0.10240.0\UCRT\CRTDBG.H	19
201	C:\PROGRAM FILES (X86)\WINDOWS KITS\8.1\INCLUDE\UM\MMISCAPI2.H	19
202	C:\DATA\ENGINES\BX\INCLUDE\BX\MUTEX.H	19
203	C:\PROGRAM FILES (X86)\WINDOWS KITS\8.1\INCLUDE\UM\INTERLOCKEDAPI.H	19
204	C:\PROGRAM FILES (X86)\MICROSOFT VISUAL STUDIO 14.0\VC\INCLUDE\CLIMITS	19
205	C:\PROGRAM FILES (X86)\WINDOWS KITS\8.1\INCLUDE\UM\HANDLEAPI.H	19
206	C:\PROGRAM FILES (X86)\WINDOWS KITS\8.1\INCLUDE\UM\WINNT.H	19
207	C:\PROGRAM FILES (X86)\WINDOWS KITS\8.1\INCLUDE\UM\MEMORYAPI.H	19
208	C:\PROGRAM FILES (X86)\WINDOWS KITS\8.1\INCLUDE\UM\CONSOLEAPI.H	19
209	C:\PROGRAM FILES (X86)\WINDOWS KITS\8.1\INCLUDE\SHARED\STRALIGN.H	19
210	C:\PROGRAM FILES (X86)\WINDOWS KITS\8.1\INCLUDE\SHARED\KERNELSPECS.H	19
211	C:\PROGRAM FILES (X86)\WINDOWS KITS\8.1\INCLUDE\SHARED\RPCNDR.H	19
212	C:\PROGRAM FILES (X86)\WINDOWS KITS\8.1\INCLUDE\SHARED\POPPACK.H	19
213	C:\PROGRAM FILES (X86)\WINDOWS KITS\8.1\INCLUDE\UM\WINSPOOL.H	19
214	C:\DATA\ENGINES\BX\INCLUDE\BX\SEM.H	19
215	C:\PROGRAM FILES (X86)\WINDOWS KITS\8.1\INCLUDE\UM\OBJBASE.H	19
216	C:\PROGRAM FILES (X86)\WINDOWS KITS\8.1\INCLUDE\UM\WINNETWK.H	19
217	C:\PROGRAM FILES (X86)\WINDOWS KITS\8.1\INCLUDE\UM\HEAPAPI.H	19
218	C:\PROGRAM FILES (X86)\WINDOWS KITS\8.1\INCLUDE\SHARED\GUIDDEF.H	19
219	C:\PROGRAM FILES (X86)\WINDOWS KITS\8.1\INCLUDE\UM\WINVER.H	19
220	C:\PROGRAM FILES (X86)\WINDOWS KITS\8.1\INCLUDE\UM\SYNCHAPI.H	19
221	C:\PROGRAM FILES (X86)\WINDOWS KITS\8.1\INCLUDE\UM\MMSYSTEM.H	19
222	C:\PROGRAM FILES (X86)\WINDOWS KITS\10\INCLUDE\10.0.10240.0\UCRT\FLOAT.H	19
223	C:\DATA\ENGINES\BX\INCLUDE\TINYSTL\UNORDERED_SET.H	19
224	C:\PROGRAM FILES (X86)\WINDOWS KITS\8.1\INCLUDE\UM\RPCNSIP.H	19
225	C:\PROGRAM FILES (X86)\WINDOWS KITS\8.1\INCLUDE\UM\WINIOCTL.H	19
226	C:\DATA\ENGINES\BGFX\SRC\BGFX_P.H	19
227	C:\PROGRAM FILES (X86)\WINDOWS KITS\8.1\INCLUDE\UM\LIBLOADERAPI.H	19
228	C:\PROGRAM FILES (X86)\MICROSOFT VISUAL STUDIO 14.0\VC\INCLUDE\YMATH.H	19
229	C:\PROGRAM FILES (X86)\WINDOWS KITS\8.1\INCLUDE\UM\OAIDL.H	19
230	C:\PROGRAM FILES (X86)\WINDOWS KITS\8.1\INCLUDE\SHARED\SPECSTRINGS_STRICT.H	19
231	C:\PROGRAM FILES (X86)\WINDOWS KITS\8.1\INCLUDE\SHARED\APISET.H	19
232	C:\PROGRAM FILES (X86)\WINDOWS KITS\8.1\INCLUDE\UM\SYSINFOAPI.H	19
233	C:\PROGRAM FILES (X86)\WINDOWS KITS\8.1\INCLUDE\UM\UNKNWN.H	19
234	C:\DATA\ENGINES\BX\INCLUDE\TINYSTL\UNORDERED_MAP.H	19
235	C:\DATA\ENGINES\BX\INCLUDE\BX\FLOAT4_NI.H	19
236	C:\PROGRAM FILES (X86)\WINDOWS KITS\8.1\INCLUDE\UM\IMM.H	19
237	C:\PROGRAM FILES (X86)\WINDOWS KITS\8.1\INCLUDE\UM\WINUSER.H	19
238	C:\PROGRAM FILES (X86)\WINDOWS KITS\8.1\INCLUDE\UM\NB30.H	19
239	C:\PROGRAM FILES (X86)\WINDOWS KITS\8.1\INCLUDE\SHARED\RPCSAL.H	19
240	C:\PROGRAM FILES (X86)\WINDOWS KITS\8.1\INCLUDE\SHARED\SPECSTRINGS_UNDEF.H	19
241	C:\DATA\ENGINES\BX\INCLUDE\TINYSTL\HASH_BASE.H	19
242	C:\PROGRAM FILES (X86)\WINDOWS KITS\8.1\INCLUDE\UM\PROFILEAPI.H	19
243	C:\PROGRAM FILES (X86)\WINDOWS KITS\8.1\INCLUDE\UM\WINSVC.H	19
244	C:\PROGRAM FILES (X86)\MICROSOFT VISUAL STUDIO 14.0\VC\INCLUDE\CSTDIO	19
245	C:\PROGRAM FILES (X86)\WINDOWS KITS\8.1\INCLUDE\UM\DDEML.H	19
246	C:\PROGRAM FILES (X86)\WINDOWS KITS\8.1\INCLUDE\SHARED\PSHPACK4.H	19
247	C:\PROGRAM FILES (X86)\WINDOWS KITS\8.1\INCLUDE\SHARED\SPECSTRINGS.H	19
248	C:\PROGRAM FILES (X86)\WINDOWS KITS\8.1\INCLUDE\SHARED\INADDR.H	19
249	C:\PROGRAM FILES (X86)\WINDOWS KITS\8.1\INCLUDE\UM\PROPIDL.H	19
250	C:\PROGRAM FILES (X86)\WINDOWS KITS\8.1\INCLUDE\UM\ERRHANDLINGAPI.H	19
251	C:\PROGRAM FILES (X86)\WINDOWS KITS\8.1\INCLUDE\UM\MINWINBASE.H	19
252	C:\PROGRAM FILES (X86)\WINDOWS KITS\8.1\INCLUDE\UM\MMSYSCOM.H	19
253	C:\PROGRAM FILES (X86)\MICROSOFT VISUAL STUDIO 14.0\VC\INCLUDE\VCRUNTIME_NEW_DEBUG.H	19
254	C:\PROGRAM FILES (X86)\WINDOWS KITS\8.1\INCLUDE\UM\COMMDLG.H	19
255	C:\PROGRAM FILES (X86)\WINDOWS KITS\8.1\INCLUDE\SHARED\SDKDDKVER.H	19
256	C:\PROGRAM FILES (X86)\WINDOWS KITS\8.1\INCLUDE\UM\DPAPI.H	19
257	C:\DATA\ENGINES\BX\INCLUDE\BX\FLOAT4_SWIZZLE.INL	19
258	C:\PROGRAM FILES (X86)\WINDOWS KITS\8.1\INCLUDE\UM\FILEAPI.H	19
259	C:\PROGRAM FILES (X86)\MICROSOFT VISUAL STUDIO 14.0\VC\INCLUDE\IOSFWD	19
260	C:\PROGRAM FILES (X86)\WINDOWS KITS\8.1\INCLUDE\UM\DLGS.H	19
261	C:\PROGRAM FILES (X86)\WINDOWS KITS\8.1\INCLUDE\UM\JOYSTICKAPI.H	19
262	C:\PROGRAM FILES (X86)\WINDOWS KITS\8.1\INCLUDE\UM\WINSCARD.H	19
263	C:\PROGRAM FILES (X86)\WINDOWS KITS\8.1\INCLUDE\UM\RPCNSI.H	19
264	C:\PROGRAM FILES (X86)\WINDOWS KITS\8.1\INCLUDE\UM\OBJIDL.H	19
265	C:\DATA\ENGINES\BGFX\SRC\RENDERER.H	6
266	C:\DATA\ENGINES\BGFX\SRC\HMD_OPENVR.H	5
267	C:\DATA\ENGINES\BGFX\SRC\HMD_OVR.H	5
268	C:\DATA\ENGINES\BGFX\SRC\SHADER_DXBC.H	4
269	C:\DATA\ENGINES\BGFX\SRC\DEBUG_RENDERDOC.H	4
270	C:\DATA\ENGINES\BGFX\3RDPARTY\KHRONOS\WGL\WGLEXT.H	3
271	C:\DATA\ENGINES\BGFX\SRC\RENDERER_GL.H	3
272	C:\PROGRAM FILES (X86)\WINDOWS KITS\8.1\INCLUDE\UM\GL\GL.H	3
273	C:\DATA\ENGINES\BGFX\SRC\GLIMPORTS.H	3
274	C:\DATA\ENGINES\BGFX\3RDPARTY\KHRONOS\GL\GLEXT.H	3
275	C:\DATA\ENGINES\BGFX\SRC\GLCONTEXT_WGL.H	3
276	C:\DATA\ENGINES\BGFX\SRC\RENDERER_D3D.H	3
277	C:\DATA\ENGINES\BGFX\3RDPARTY\DXSDK\INCLUDE\DXGIFORMAT.H	2
278	C:\DATA\ENGINES\BGFX\3RDPARTY\DXSDK\INCLUDE\DXGI1_3.H	2
279	C:\DATA\ENGINES\BGFX\3RDPARTY\DXSDK\INCLUDE\DXGITYPE.H	2
280	C:\DATA\ENGINES\BGFX\SRC\SHADER_SPIRV.H	2
281	C:\DATA\ENGINES\BGFX\3RDPARTY\DXSDK\INCLUDE\DXGI.H	2
282	C:\DATA\ENGINES\BGFX\SRC\TOPOLOGY.H	2
283	C:\DATA\ENGINES\BGFX\SRC\SHADER_DX9BC.H	2
284	C:\DATA\ENGINES\BGFX\3RDPARTY\DXSDK\INCLUDE\D3DCOMMON.H	2
285	C:\DATA\ENGINES\BGFX\3RDPARTY\DXSDK\INCLUDE\DXGI1_2.H	2
286	C:\PROGRAM FILES (X86)\WINDOWS KITS\8.1\INCLUDE\UM\OCIDL.H	2
287	C:\DATA\ENGINES\BGFX\3RDPARTY\DXSDK\INCLUDE\D3DX12.H	1
288	C:\DATA\ENGINES\BGFX\3RDPARTY\DXSDK\INCLUDE\D3D9TYPES.H	1
289	C:\DATA\ENGINES\BGFX\3RDPARTY\OPENVR\OPENVR_CAPI.H	1
290	C:\PROGRAM FILES (X86)\WINDOWS KITS\8.1\INCLUDE\SHARED\WS2DEF.H	1
291	C:\DATA\ENGINES\BGFX\SRC\VS_DEBUGFONT.BIN.H	1
292	C:\DATA\ENGINES\BGFX\3RDPARTY\DXSDK\INCLUDE\D3D10_1.H	1
293	C:\DATA\ENGINES\BGFX\3RDPARTY\DXSDK\INCLUDE\D3D11.H	1
294	C:\DATA\ENGINES\BGFX\SRC\FS_CLEAR3.BIN.H	1
295	C:\DATA\ENGINES\BGFX\3RDPARTY\DXSDK\INCLUDE\D3D10EFFECT.H	1
296	C:\DATA\ENGINES\BX\INCLUDE\BX\CRTIMPL.H	1
297	C:\DATA\ENGINES\BX\INCLUDE\COMPAT\MSVC\STDBOOL.H	1
298	C:\DATA\ENGINES\BGFX\3RDPARTY\DXSDK\INCLUDE\D3D10SHADER.H	1
299	C:\DATA\ENGINES\BGFX\3RDPARTY\DXSDK\INCLUDE\D3D10MISC.H	1
300	C:\DATA\ENGINES\BGFX\SRC\FS_CLEAR5.BIN.H	1
301	C:\DATA\ENGINES\BGFX\INCLUDE\BGFX\C99\BGFXPLATFORM.H	1
302	C:\DATA\ENGINES\BGFX\SRC\FS_CLEAR0.BIN.H	1
303	C:\DATA\ENGINES\BGFX\3RDPARTY\RENDERDOC\RENDERDOC_APP.H	1
304	C:\DATA\ENGINES\BGFX\SRC\CHARSET.H	1
305	C:\DATA\ENGINES\BGFX\3RDPARTY\DXSDK\INCLUDE\D3D10_1SHADER.H	1
306	C:\DATA\ENGINES\BGFX\3RDPARTY\DXSDK\INCLUDE\D3D11_3.H	1
307	C:\PROGRAM FILES (X86)\WINDOWS KITS\8.1\INCLUDE\SHARED\QOS.H	1
308	C:\DATA\ENGINES\BGFX\INCLUDE\BGFX\C99\BGFX.H	1
309	C:\DATA\ENGINES\BGFX\SRC\FS_DEBUGFONT.BIN.H	1
310	C:\DATA\ENGINES\BGFX\SRC\FS_CLEAR2.BIN.H	1
311	C:\DATA\ENGINES\BGFX\SRC\FS_CLEAR6.BIN.H	1
312	C:\DATA\ENGINES\BGFX\SRC\FS_CLEAR1.BIN.H	1
313	C:\DATA\ENGINES\BGFX\3RDPARTY\DXSDK\INCLUDE\D3D9.H	1
314	C:\DATA\ENGINES\BGFX\SRC\VS_CLEAR.BIN.H	1
315	C:\DATA\ENGINES\BGFX\3RDPARTY\DXSDK\INCLUDE\D3D10SDKLAYERS.H	1
316	C:\DATA\ENGINES\BGFX\SRC\RENDERER_D3D12.H	1
317	C:\DATA\ENGINES\BGFX\SRC\FS_CLEAR4.BIN.H	1
318	C:\DATA\ENGINES\BGFX\3RDPARTY\DXSDK\INCLUDE\D3D10.H	1
319	C:\DATA\ENGINES\BGFX\SRC\RENDERER_D3D11.H	1
320	C:\PROGRAM FILES (X86)\WINDOWS KITS\8.1\INCLUDE\UM\WINSOCK2.H	1
321	C:\DATA\ENGINES\BGFX\3RDPARTY\DXSDK\INCLUDE\D3D9CAPS.H	1
322	C:\DATA\ENGINES\BGFX\3RDPARTY\DXSDK\INCLUDE\D3D12SDKLAYERS.H	1
323	C:\DATA\ENGINES\BGFX\3RDPARTY\DXSDK\INCLUDE\D3D11SDKLAYERS.H	1
324	C:\DATA\ENGINES\BGFX\SRC\RENDERER_D3D9.H	1
325	C:\DATA\ENGINES\BGFX\SRC\FS_CLEAR7.BIN.H	1
326	C:\DATA\ENGINES\BGFX\3RDPARTY\DXSDK\INCLUDE\D3D11_1.H	1
327	C:\DATA\ENGINES\BGFX\3RDPARTY\DXSDK\INCLUDE\DXGI1_4.H	1
328	C:\DATA\ENGINES\BGFX\3RDPARTY\DXSDK\INCLUDE\D3D11_2.H	1
329	C:\DATA\ENGINES\BGFX\3RDPARTY\DXSDK\INCLUDE\D3D12.H	1
